\begin{tikzpicture}
    \draw (0pt,0pt) rectangle (110.74839pt, -78.02080000000001pt);
    \node at (4.0pt, -39.010400000000004pt) {};
    \node at (22.0219pt, -7.80208pt) {Block 1};
    \draw (15.60416pt,-15.60416pt) rectangle (95.14423pt, -31.20832pt);
    \node at (55.374195pt, -24.470825pt) {Verarbeitung 1};
    \draw (15.60416pt,-31.20832pt) rectangle (95.14423pt, -46.81248pt);
    \node at (55.374195pt, -40.074985000000005pt) {Verarbeitung 2};
    \draw (15.60416pt,-46.81248pt) rectangle (95.14423pt, -62.41664pt);
    \node at (55.374195pt, -55.67914500000001pt) {Verarbeitung 3};
    \draw (0pt,-78.02080000000001pt) rectangle (110.74839pt, -156.04160000000002pt);
    \node at (4.0pt, -117.03120000000001pt) {};
    \node at (22.0219pt, -85.82288000000001pt) {Block 2};
    \draw (15.60416pt,-93.62496000000002pt) rectangle (95.14423pt, -109.22912000000002pt);
    \node at (55.374195pt, -102.49162500000001pt) {Verarbeitung 4};
    \draw (15.60416pt,-109.22912000000002pt) rectangle (95.14423pt, -124.83328000000003pt);
    \node at (55.374195pt, -118.09578500000002pt) {Verarbeitung 5};
    \draw (15.60416pt,-124.83328000000003pt) rectangle (95.14423pt, -140.43744000000004pt);
    \node at (55.374195pt, -133.699945pt) {Verarbeitung 6};
\end{tikzpicture}
