\begin{tikzpicture}
    \draw (0pt,0pt) rectangle (72.69449pt, -59.77776pt);
    \node at (4.0pt, -29.88888pt) {};
    \node at (4.0pt, -4.0pt) {};
    \draw (14.94444pt,-14.94444pt) rectangle (72.69449pt, -29.88888pt);
    \node at (40.860974999999996pt, -22.833325pt) {$\texttt{n} := \texttt{n} + 2$};
    \draw (14.94444pt,-29.88888pt) rectangle (72.69449pt, -44.83332pt);
    \node at (43.819465pt, -38.33332pt) {Ausgabe: $\texttt{n}$};
\end{tikzpicture}
