\begin{tikzpicture}
    \draw (0pt,0pt) rectangle (80.0pt, -46.690799999999996pt);
    \node at (4.0pt, -23.345399999999998pt) {};
    \node at (4.0pt, -4.0pt) {};
    \draw (15.60416pt,-15.60416pt) rectangle (80.0pt, -31.086639999999996pt);
    \node at (23.710415pt, -23.345399999999998pt) {V};
\end{tikzpicture}
