\begin{tikzpicture}
    \draw (0pt,0pt) rectangle (103.91608pt, -31.6083pt);
    \node at (4.0pt, -15.80415pt) {};
    \draw (0pt, 0pt) -- (51.83307pt, -31.6083pt);
    \draw (51.83307pt, -31.6083pt) -- (103.91608pt, 0pt);
    \node at (11.777764999999999pt, -25.065935pt) {$\leq 3$};
    \node at (92.13831499999999pt, -24.58157pt) {$> 3$};
    \node at (51.91638333333333pt, -10.5361pt) {Wert von \texttt{x}};
    \draw (0pt,-31.6083pt) rectangle (51.83307pt, -60.49718pt);
    \node at (25.916535pt, -46.469405pt) {$\texttt{x} := \texttt{x} + 2$};
    \draw (51.83307pt,-31.6083pt) rectangle (103.91608pt, -46.05274pt);
    \node at (77.874575pt, -39.941635pt) {$\texttt{x} := \texttt{x} + \texttt{y}$};
    \draw (51.83307pt,-46.05274pt) rectangle (103.91608pt, -60.49718pt);
    \node at (75.249595pt, -54.386075pt) {$\texttt{z} := \texttt{y} \cdot 2$};
\end{tikzpicture}
