\begin{tikzpicture}
    \draw (0pt,0pt) rectangle (271.31702pt, -35.466660000000005pt);
    \node at (4.0pt, -17.733330000000002pt) {};
    \draw (0pt, 0pt) -- (135.65851pt, -35.466660000000005pt);
    \draw (135.65851pt, -35.466660000000005pt) -- (271.31702pt, 0pt);
    \node at (34.036500000000004pt, -28.729165000000005pt) {Bedingung 1};
    \node at (237.28052pt, -28.729165000000005pt) {Bedingung 2};
    \node at (135.65851pt, -11.82222pt) {gemeinsamer Bedingungsteil};
    \draw (0pt,-35.466660000000005pt) rectangle (135.65851pt, -51.070820000000005pt);
    \node at (39.770035pt, -44.33332500000001pt) {Verarbeitung 1};
    \draw (135.65851pt,-35.466660000000005pt) rectangle (271.31702pt, -51.070820000000005pt);
    \node at (175.428545pt, -44.33332500000001pt) {Verarbeitung 2};
\end{tikzpicture}
