\begin{tikzpicture}
    \draw (0pt,0pt) rectangle (495.30690000000004pt, -32.06456pt);
    \node at (4.0pt, -16.03228pt) {};
    \draw (0pt, 0pt) -- (82.55115pt, -32.06456pt);
    \draw (82.55115pt, -32.06456pt) -- (495.30690000000004pt, 0pt);
    \node at (9.55105pt, -24.323320000000002pt) {Ja};
    \node at (480.20480000000003pt, -24.323320000000002pt) {Nein};
    \node at (192.61935000000003pt, -10.688186666666667pt) {$\texttt{n} > 0?$};
    \draw (0pt,-32.06456pt) rectangle (82.55115pt, -175.92696pt);
    \node at (41.275575pt, -105.060345pt) {Ausgabe: $\texttt{n} > 0$};
    \draw (82.55115pt,-32.06456pt) rectangle (495.30690000000004pt, -64.12912pt);
    \node at (86.55115pt, -48.09684pt) {};
    \draw (82.55115pt, -32.06456pt) -- (165.1023pt, -64.12912pt);
    \draw (165.1023pt, -64.12912pt) -- (495.30690000000004pt, -32.06456pt);
    \node at (92.10220000000001pt, -56.387879999999996pt) {Ja};
    \node at (480.20480000000003pt, -56.387879999999996pt) {Nein};
    \node at (247.65345000000002pt, -42.75274666666667pt) {$\texttt{n} > 1?$};
    \draw (82.55115pt,-64.12912pt) rectangle (165.1023pt, -175.92696pt);
    \node at (123.82672500000001pt, -121.092625pt) {Ausgabe: $\texttt{n} > 1$};
    \draw (165.1023pt,-64.12912pt) rectangle (495.30690000000004pt, -96.19368pt);
    \node at (169.1023pt, -80.1614pt) {};
    \draw (165.1023pt, -64.12912pt) -- (247.65345000000002pt, -96.19368pt);
    \draw (247.65345000000002pt, -96.19368pt) -- (495.30690000000004pt, -64.12912pt);
    \node at (174.65335000000002pt, -88.45244000000001pt) {Ja};
    \node at (480.20480000000003pt, -88.45244000000001pt) {Nein};
    \node at (302.68755000000004pt, -74.81730666666667pt) {$\texttt{n} > 2?$};
    \draw (165.1023pt,-96.19368pt) rectangle (247.65345000000002pt, -175.92696pt);
    \node at (206.37787500000002pt, -137.12490499999998pt) {Ausgabe: $\texttt{n} > 2$};
    \draw (247.65345000000002pt,-96.19368pt) rectangle (495.30690000000004pt, -128.25824pt);
    \node at (251.65345000000002pt, -112.22596pt) {};
    \draw (247.65345000000002pt, -96.19368pt) -- (330.2046pt, -128.25824pt);
    \draw (330.2046pt, -128.25824pt) -- (495.30690000000004pt, -96.19368pt);
    \node at (257.2045pt, -120.51700000000001pt) {Ja};
    \node at (480.20480000000003pt, -120.51700000000001pt) {Nein};
    \node at (357.72165pt, -106.88186666666667pt) {$\texttt{n} > 3?$};
    \draw (247.65345000000002pt,-128.25824pt) rectangle (330.2046pt, -175.92696pt);
    \node at (288.929025pt, -153.157185pt) {Ausgabe: $\texttt{n} > 3$};
    \draw (330.2046pt,-128.25824pt) rectangle (495.30690000000004pt, -160.3228pt);
    \node at (334.2046pt, -144.29052000000001pt) {};
    \draw (330.2046pt, -128.25824pt) -- (412.75575000000003pt, -160.3228pt);
    \draw (412.75575000000003pt, -160.3228pt) -- (495.30690000000004pt, -128.25824pt);
    \node at (339.75565pt, -152.58156pt) {Ja};
    \node at (480.20480000000003pt, -152.58156pt) {Nein};
    \node at (412.75575000000003pt, -138.94642666666667pt) {$\texttt{n} > 4?$};
    \draw (330.2046pt,-160.3228pt) rectangle (412.75575000000003pt, -175.92696pt);
    \node at (371.48017500000003pt, -169.189465pt) {Ausgabe: $\texttt{n} > 4$};
    \draw (412.75575000000003pt,-160.3228pt) rectangle (495.30690000000004pt, -175.92696pt);
    \node at (454.03132500000004pt, -169.189465pt) {Ausgabe: $\texttt{n} \leq 4$};
\end{tikzpicture}
