\begin{tikzpicture}
    \draw (0pt,0pt) rectangle (540.77969pt, -89.66664pt);
    \node at (4.0pt, -44.83332pt) {};
    \draw (0pt, 0pt) -- (433.11571pt, -89.66664pt);
    \draw (433.11571pt, -89.66664pt) -- (540.77969pt, 0pt);
    \draw (82.83346pt, -17.148761557908855pt) -- (82.83346pt, -89.66664pt);
    \draw (205.38916pt, -42.52109873738452pt) -- (205.38916pt, -89.66664pt);
    \draw (277.97463pt, -57.54824981375808pt) -- (277.97463pt, -89.66664pt);
    \draw (350.5601pt, -72.57540089013165pt) -- (350.5601pt, -89.66664pt);
    \node at (41.41673pt, -82.24998500000001pt) {Ja};
    \node at (134.89602125pt, -82.19442000000001pt) {Vielleicht};
    \node at (230.6049825pt, -82.24998500000001pt) {Nein};
    \node at (299.99576125pt, -82.19442000000001pt) {Blubb};
    \node at (366.226795pt, -82.19442000000001pt) {Huh?};
    \node at (526.64078pt, -82.24998500000001pt) {Nein};
    \node at (324.6317999999999pt, -29.88888pt) {Wei√ü der Geier?};
    \draw (0pt,-89.66664pt) rectangle (82.83346pt, -123.4444pt);
    \node at (4.0pt, -106.55552pt) {};
    \draw (0pt, -89.66664pt) -- (41.41673pt, -123.4444pt);
    \draw (41.41673pt, -123.4444pt) -- (82.83346pt, -89.66664pt);
    \node at (9.06946pt, -116.02774500000001pt) {Ja};
    \node at (78.83346pt, -119.4444pt) {};
    \node at (41.41673pt, -100.92589333333333pt) {War geil?};
    \draw (0pt,-123.4444pt) rectangle (41.41673pt, -181.92586666666668pt);
    \node at (17.263925pt, -152.68513333333334pt) {Dann!};
    \draw (0pt,-181.92586666666668pt) rectangle (41.41673pt, -240.40733333333336pt);
    \node at (16.7778pt, -211.16660000000002pt) {Auch.};
    \draw (0pt,-240.40733333333336pt) rectangle (41.41673pt, -298.8888pt);
    \node at (14.694475pt, -269.6480666666667pt) {Und!};
    \draw (41.41673pt,-123.4444pt) rectangle (82.83346pt, -298.8888pt);
    \node at (45.41673pt, -211.16660000000002pt) {};
    \draw (82.83346pt,-89.66664pt) rectangle (205.38916pt, -123.4444pt);
    \node at (86.83346pt, -106.55552pt) {};
    \draw (82.83346pt, -89.66664pt) -- (133.72242pt, -123.4444pt);
    \draw (133.72242pt, -123.4444pt) -- (205.38916pt, -89.66664pt);
    \node at (95.47931pt, -116.02774500000001pt) {Gut};
    \node at (183.472475pt, -115.97218000000001pt) {Schlecht};
    \node at (140.64834666666667pt, -100.92589333333333pt) {Wie geht's?};
    \draw (82.83346pt,-123.4444pt) rectangle (133.72242pt, -298.8888pt);
    \node at (99.05572000000001pt, -212.13882pt) {Okay.};
    \draw (133.72242pt,-123.4444pt) rectangle (205.38916pt, -298.8888pt);
    \node at (149.111335pt, -211.16660000000002pt) {Ciao.};
    \draw (205.38916pt,-89.66664pt) rectangle (277.97463pt, -298.8888pt);
    \node at (209.38916pt, -194.27772pt) {};
    \node at (223.68076pt, -97.08435pt) {$\texttt{n} < 10$};
    \draw (220.22458pt,-104.50206pt) rectangle (277.97463pt, -201.69543pt);
    \node at (249.099605pt, -154.070965pt) {Ausgabe: \texttt{n}};
    \draw (220.22458pt,-201.69543pt) rectangle (277.97463pt, -298.8888pt);
    \node at (246.141115pt, -250.70878pt) {$\texttt{n} := \texttt{n} + 1$};
    \draw (277.97463pt,-89.66664pt) rectangle (350.5601pt, -298.8888pt);
    \node at (281.97463pt, -194.27772pt) {};
    \node at (296.26623pt, -291.86207pt) {$\texttt{n} < 10$};
    \draw (292.81005pt,-89.66664pt) rectangle (350.5601pt, -186.86001pt);
    \node at (321.685075pt, -139.235545pt) {Ausgabe: \texttt{n}};
    \draw (292.81005pt,-186.86001pt) rectangle (350.5601pt, -284.05338pt);
    \node at (318.726585pt, -235.87336pt) {$\texttt{n} := \texttt{n} + 1$};
    \draw (350.5601pt,-89.66664pt) rectangle (433.11571pt, -298.8888pt);
    \node at (354.5601pt, -194.27772pt) {};
    \node at (354.5601pt, -93.66664pt) {};
    \draw (365.50453999999996pt,-104.61108pt) rectangle (433.11571pt, -149.4444pt);
    \node at (394.37956499999996pt, -127.99995999999999pt) {Ausgabe: \texttt{n}};
    \draw (365.50453999999996pt,-149.4444pt) rectangle (433.11571pt, -194.27772pt);
    \node at (391.421075pt, -172.277725pt) {$\texttt{n} := \texttt{n} + 1$};
    \draw (365.50453999999996pt,-194.27772pt) rectangle (433.11571pt, -239.11104pt);
    \node at (369.50453999999996pt, -216.69438pt) {};
    \node at (402.78234499999996pt, -216.69438pt) {Raus hier!};
    \draw (380.44897999999995pt, -194.27772pt) -- (365.50453999999996pt, -216.69438pt);
    \draw (365.50453999999996pt, -216.69438pt) -- (380.44897999999995pt, -239.11104pt);
    \draw (365.50453999999996pt,-239.11104pt) rectangle (433.11571pt, -254.05548pt);
    \node at (369.50453999999996pt, -246.58326pt) {};
    \draw (365.50453999999996pt,-268.99992000000003pt) rectangle (433.11571pt, -283.94436pt);
    \node at (369.50453999999996pt, -276.47214pt) {};
    \draw (365.50453999999996pt, -254.05548pt) -- (380.44897999999995pt, -239.11104pt);
    \draw (365.50453999999996pt, -268.99992000000003pt) -- (380.44897999999995pt, -283.94436pt);
    \draw (418.17127pt, -239.11104pt) -- (433.11571pt, -254.05548pt);
    \draw (418.17127pt, -283.94436pt) -- (433.11571pt, -268.99992000000003pt);
    \draw (365.50453999999996pt,-254.05548pt) rectangle (388.0416066666666pt, -268.99992pt);
    \node at (372.00454999999994pt, -261.5277pt) {a};
    \draw (388.0416066666666pt,-254.05548pt) rectangle (411.1342233333333pt, -268.99992pt);
    \node at (394.8193916666666pt, -261.5277pt) {b};
    \draw (411.1342233333333pt,-254.05548pt) rectangle (433.11571pt, -268.99992pt);
    \node at (417.3564433333333pt, -261.5277pt) {c};
    \draw (433.11571pt,-89.66664pt) rectangle (540.77969pt, -298.8888pt);
    \node at (437.11571pt, -194.27772pt) {};
    \node at (462.04632pt, -97.13886pt) {Mein Block};
    \draw (448.06014999999996pt,-104.61108pt) rectangle (525.83525pt, -140.477736pt);
    \node at (476.004625pt, -123.516628pt) {Eingabe: \texttt{n}};
    \draw (448.06014999999996pt,-140.477736pt) rectangle (525.83525pt, -176.344392pt);
    \node at (473.976685pt, -158.82772899999998pt) {$\texttt{n} := \texttt{n} + 1$};
    \draw (448.06014999999996pt,-176.344392pt) rectangle (525.83525pt, -212.211048pt);
    \node at (486.94769999999994pt, -196.001925pt) {Was geht ab? $\frac{1}{2}$};
    \draw (448.06014999999996pt,-212.211048pt) rectangle (525.83525pt, -248.077704pt);
    \node at (454.56015999999994pt, -230.144376pt) {a};
    \draw (448.06014999999996pt,-248.077704pt) rectangle (525.83525pt, -283.94436pt);
    \node at (453.726815pt, -266.011032pt) {-};
\end{tikzpicture}
