\begin{tikzpicture}
    \draw (0pt,0pt) rectangle (80.0pt, -15.60416pt);
    \node at (35.207535pt, -8.866665pt) {Verarbeitung};
\end{tikzpicture}
