\begin{tikzpicture}
    \draw (0pt,0pt) rectangle (247.77828pt, -33.77776pt);
    \node at (4.0pt, -16.88888pt) {};
    \draw (0pt, 0pt) -- (123.88914pt, -33.77776pt);
    \draw (123.88914pt, -33.77776pt) -- (247.77828pt, 0pt);
    \node at (27.263955pt, -27.27776pt) {Bedingung};
    \node at (243.77828pt, -29.77776pt) {};
    \node at (123.88914pt, -11.259253333333334pt) {gemeinsamer Bedingungsteil};
    \draw (0pt,-33.77776pt) rectangle (123.88914pt, -48.7222pt);
    \node at (32.500060000000005pt, -42.2222pt) {Verarbeitung};
    \draw (123.88914pt,-33.77776pt) rectangle (247.77828pt, -48.7222pt);
    \node at (127.88914pt, -41.24998pt) {};
\end{tikzpicture}
