\begin{tikzpicture}
    \draw (0pt,0pt) rectangle (327.13317pt, -70.93332000000001pt);
    \node at (4.0pt, -35.466660000000005pt) {};
    \draw (0pt, 0pt) -- (242.33105pt, -70.93332000000001pt);
    \draw (242.33105pt, -70.93332000000001pt) -- (327.13317pt, 0pt);
    \draw (79.54007pt, -23.28237028697891pt) -- (79.54007pt, -70.93332000000001pt);
    \draw (158.53265pt, -46.404483424216586pt) -- (158.53265pt, -70.93332000000001pt);
    \node at (39.770035pt, -63.192080000000004pt) {W};
    \node at (103.3413425pt, -63.192080000000004pt) {A};
    \node at (165.57432pt, -63.192080000000004pt) {S};
    \node at (318.95087pt, -63.192080000000004pt) {D};
    \node at (189.8214066666667pt, -23.644440000000003pt) {gedr√ºckte Taste};
    \draw (0pt,-70.93332000000001pt) rectangle (79.54007pt, -86.53748000000002pt);
    \node at (39.770035pt, -79.799985pt) {Ausgabe: oben};
    \draw (79.54007pt,-70.93332000000001pt) rectangle (158.53265pt, -86.53748000000002pt);
    \node at (119.03636pt, -79.799985pt) {Ausgabe: links};
    \draw (158.53265pt,-70.93332000000001pt) rectangle (242.33105pt, -86.53748000000002pt);
    \node at (200.43185pt, -79.799985pt) {Ausgabe: unten};
    \draw (242.33105pt,-70.93332000000001pt) rectangle (327.13317pt, -86.53748000000002pt);
    \node at (284.73211000000003pt, -79.799985pt) {Ausgabe: rechts};
\end{tikzpicture}
