\begin{tikzpicture}
    \draw (0pt,0pt) rectangle (72.58547pt, -44.7243pt);
    \node at (4.0pt, -22.36215pt) {};
    \node at (20.79161pt, -37.69757pt) {$\texttt{n} < 100$};
    \draw (14.83542pt,0pt) rectangle (72.58547pt, -14.94444pt);
    \node at (40.751954999999995pt, -7.888885pt) {$\texttt{n} := \texttt{n} + 2$};
    \draw (14.83542pt,-14.94444pt) rectangle (72.58547pt, -29.88888pt);
    \node at (43.710445pt, -23.38888pt) {Ausgabe: $\texttt{n}$};
\end{tikzpicture}
