\begin{tikzpicture}
    \draw (0pt,0pt) rectangle (80.0pt, -30.964959999999998pt);
    \node at (4.0pt, -15.482479999999999pt) {};
    \node at (7.878135pt, -23.22372pt) {B};
    \draw (15.482479999999999pt,0pt) rectangle (80.0pt, -15.482479999999999pt);
    \node at (23.588735pt, -7.7412399999999995pt) {V};
\end{tikzpicture}
