\begin{tikzpicture}
    \draw (0pt,0pt) rectangle (30.33333pt, -29.66662pt);
    \node at (4.0pt, -14.83331pt) {};
    \node at (7.5416799999999995pt, -7.416655pt) {B};
    \draw (14.83331pt,-14.83331pt) rectangle (30.33333pt, -29.66662pt);
    \node at (22.58332pt, -22.249965000000003pt) {V};
\end{tikzpicture}
