\begin{tikzpicture}
    \draw (0pt,0pt) rectangle (57.75005pt, -14.94444pt);
    \node at (27.944475pt, -8.44444pt) {Eingabe: \texttt{x}};
    \draw (0pt,-14.94444pt) rectangle (57.75005pt, -29.38888pt);
    \node at (23.416525pt, -22.16666pt) {$\texttt{x} := \texttt{x} \cdot 2$};
    \draw (0pt,-29.38888pt) rectangle (57.75005pt, -44.33332pt);
    \node at (28.875025pt, -37.83332pt) {Ausgabe: \texttt{x}};
\end{tikzpicture}
