\begin{tikzpicture}
    \draw (0pt,0pt) rectangle (80.0pt, -15.482479999999999pt);
    \node at (4.0pt, -7.7412399999999995pt) {};
    \node at (19.710415pt, -7.7412399999999995pt) {N};
    \draw (15.60416pt, 0pt) -- (0pt, -7.7412399999999995pt);
    \draw (0pt, -7.7412399999999995pt) -- (15.60416pt, -15.482479999999999pt);
\end{tikzpicture}
